exports[`MAIN CONTEXT Matches the snap Shot 1`] = `null`;
